
Running 23 tests using 1 worker

  ✓   1 [setup] › tests/e2e/parent/auth.setup.ts:7:6 › authenticate parent (1.6s)
  ✓   2 [chromium] › tests/e2e/parent/a11y.spec.ts:30:9 › a11y dashboard @ desktop (2.6s)
  ✓   3 [chromium] › tests/e2e/parent/a11y.spec.ts:30:9 › a11y students @ desktop (2.6s)
  ✓   4 [chromium] › tests/e2e/parent/a11y.spec.ts:30:9 › a11y students-new @ desktop (2.5s)
  ✓   5 [chromium] › tests/e2e/parent/a11y.spec.ts:30:9 › a11y applications @ desktop (2.5s)
  ✓   6 [chromium] › tests/e2e/parent/a11y.spec.ts:30:9 › a11y results @ desktop (2.5s)
  ✓   7 [chromium] › tests/e2e/parent/a11y.spec.ts:30:9 › a11y settings @ desktop (2.4s)
  ✓   8 [chromium] › tests/e2e/parent/a11y.spec.ts:30:9 › a11y notifications @ desktop (2.6s)
  ✓   9 [chromium] › tests/e2e/parent/a11y.spec.ts:30:9 › a11y saved-schools @ desktop (2.6s)
  ✓  10 [chromium] › tests/e2e/parent/a11y.spec.ts:30:9 › a11y saved-searches @ desktop (2.4s)
  ✓  11 [chromium] › tests/e2e/parent/a11y.spec.ts:30:9 › a11y payments @ desktop (2.4s)

[a11y] search-spec @ desktop — 2 serious/critical:
  [serious] color-contrast: Elements must meet minimum color contrast ratio thresholds (2 node(s))
    e.g. .font-mono
  [critical] label: Form elements must have labels (2 node(s))
    e.g. #base-ui-_r_3_
  ✘  12 [chromium] › tests/e2e/parent/a11y.spec.ts:30:9 › a11y search-spec @ desktop (6.1s)
  ✓  13 [chromium] › tests/e2e/parent/a11y.spec.ts:30:9 › a11y dashboard @ mobile (2.5s)
  ✓  14 [chromium] › tests/e2e/parent/a11y.spec.ts:30:9 › a11y students @ mobile (2.5s)
  ✓  15 [chromium] › tests/e2e/parent/a11y.spec.ts:30:9 › a11y students-new @ mobile (2.7s)
  ✓  16 [chromium] › tests/e2e/parent/a11y.spec.ts:30:9 › a11y applications @ mobile (2.5s)
  ✓  17 [chromium] › tests/e2e/parent/a11y.spec.ts:30:9 › a11y results @ mobile (2.4s)
  ✓  18 [chromium] › tests/e2e/parent/a11y.spec.ts:30:9 › a11y settings @ mobile (2.4s)
  ✓  19 [chromium] › tests/e2e/parent/a11y.spec.ts:30:9 › a11y notifications @ mobile (2.4s)
  ✓  20 [chromium] › tests/e2e/parent/a11y.spec.ts:30:9 › a11y saved-schools @ mobile (2.4s)
  ✓  21 [chromium] › tests/e2e/parent/a11y.spec.ts:30:9 › a11y saved-searches @ mobile (2.4s)

[a11y] payments @ mobile — 1 serious/critical:
  [serious] scrollable-region-focusable: Scrollable region must have keyboard access (1 node(s))
    e.g. main
  ✘  22 [chromium] › tests/e2e/parent/a11y.spec.ts:30:9 › a11y payments @ mobile (2.5s)
  ✓  23 [chromium] › tests/e2e/parent/a11y.spec.ts:30:9 › a11y search-spec @ mobile (5.6s)


  1) [chromium] › tests/e2e/parent/a11y.spec.ts:30:9 › a11y search-spec @ desktop ──────────────────

    Error: serious/critical a11y violations on search-spec @ desktop

    [2mexpect([22m[31mreceived[39m[2m).[22mtoEqual[2m([22m[32mexpected[39m[2m) // deep equality[22m

    [32m- Expected  -   1[39m
    [31m+ Received  + 266[39m

    [32m- Array [][39m
    [31m+ Array [[39m
    [31m+   Object {[39m
    [31m+     "description": "Ensure the contrast between foreground and background colors meets WCAG 2 AA minimum contrast ratio thresholds",[39m
    [31m+     "help": "Elements must meet minimum color contrast ratio thresholds",[39m
    [31m+     "helpUrl": "https://dequeuniversity.com/rules/axe/4.11/color-contrast?application=playwright",[39m
    [31m+     "id": "color-contrast",[39m
    [31m+     "impact": "serious",[39m
    [31m+     "nodes": Array [[39m
    [31m+       Object {[39m
    [31m+         "all": Array [],[39m
    [31m+         "any": Array [[39m
    [31m+           Object {[39m
    [31m+             "data": Object {[39m
    [31m+               "bgColor": "#faeded",[39m
    [31m+               "contrastRatio": 3.96,[39m
    [31m+               "expectedContrastRatio": "4.5:1",[39m
    [31m+               "fgColor": "#ee0013",[39m
    [31m+               "fontSize": "8.3pt (11px)",[39m
    [31m+               "fontWeight": "normal",[39m
    [31m+               "messageKey": null,[39m
    [31m+             },[39m
    [31m+             "id": "color-contrast",[39m
    [31m+             "impact": "serious",[39m
    [31m+             "message": "Element has insufficient color contrast of 3.96 (foreground color: #ee0013, background color: #faeded, font size: 8.3pt (11px), font weight: normal). Expected contrast ratio of 4.5:1",[39m
    [31m+             "relatedNodes": Array [[39m
    [31m+               Object {[39m
    [31m+                 "html": "<span class=\"rounded-pill bg-rausch-50 px-2 py-0.5 font-mono text-caption font-semibold text-primary\">$5k – $60k</span>",[39m
    [31m+                 "target": Array [[39m
    [31m+                   ".font-mono",[39m
    [31m+                 ],[39m
    [31m+               },[39m
    [31m+             ],[39m
    [31m+           },[39m
    [31m+         ],[39m
    [31m+         "failureSummary": "Fix any of the following:[39m
    [31m+   Element has insufficient color contrast of 3.96 (foreground color: #ee0013, background color: #faeded, font size: 8.3pt (11px), font weight: normal). Expected contrast ratio of 4.5:1",[39m
    [31m+         "html": "<span class=\"rounded-pill bg-rausch-50 px-2 py-0.5 font-mono text-caption font-semibold text-primary\">$5k – $60k</span>",[39m
    [31m+         "impact": "serious",[39m
    [31m+         "none": Array [],[39m
    [31m+         "target": Array [[39m
    [31m+           ".font-mono",[39m
    [31m+         ],[39m
    [31m+       },[39m
    [31m+       Object {[39m
    [31m+         "all": Array [],[39m
    [31m+         "any": Array [[39m
    [31m+           Object {[39m
    [31m+             "data": Object {[39m
    [31m+               "bgColor": "#fef2f3",[39m
    [31m+               "contrastRatio": 4.13,[39m
    [31m+               "expectedContrastRatio": "4.5:1",[39m
    [31m+               "fgColor": "#ee0013",[39m
    [31m+               "fontSize": "8.3pt (11px)",[39m
    [31m+               "fontWeight": "normal",[39m
    [31m+               "messageKey": null,[39m
    [31m+             },[39m
    [31m+             "id": "color-contrast",[39m
    [31m+             "impact": "serious",[39m
    [31m+             "message": "Element has insufficient color contrast of 4.13 (foreground color: #ee0013, background color: #fef2f3, font size: 8.3pt (11px), font weight: normal). Expected contrast ratio of 4.5:1",[39m
    [31m+             "relatedNodes": Array [[39m
    [31m+               Object {[39m
    [31m+                 "html": "<div class=\"flex shrink-0 items-center justify-between gap-2 border-b border-divider bg-primary/5 px-4 py-2.5\"><div class=\"flex items-center gap-2\"><span class=\"text-caption font-semibold uppercase text-primary\">Advanced</span></div></div>",[39m
    [31m+                 "target": Array [[39m
    [31m+                   ".bg-primary\\/5",[39m
    [31m+                 ],[39m
    [31m+               },[39m
    [31m+               Object {[39m
    [31m+                 "html": "<div class=\"flex h-full min-h-0 flex-col overflow-hidden rounded-xl border border-primary/40 bg-card shadow-2\">",[39m
    [31m+                 "target": Array [[39m
    [31m+                   ".border-primary\\/40",[39m
    [31m+                 ],[39m
    [31m+               },[39m
    [31m+             ],[39m
    [31m+           },[39m
    [31m+         ],[39m
    [31m+         "failureSummary": "Fix any of the following:[39m
    [31m+   Element has insufficient color contrast of 4.13 (foreground color: #ee0013, background color: #fef2f3, font size: 8.3pt (11px), font weight: normal). Expected contrast ratio of 4.5:1",[39m
    [31m+         "html": "<span class=\"text-caption font-semibold uppercase text-primary\">Advanced</span>",[39m
    [31m+         "impact": "serious",[39m
    [31m+         "none": Array [],[39m
    [31m+         "target": Array [[39m
    [31m+           ".uppercase.text-primary.text-caption",[39m
    [31m+         ],[39m
    [31m+       },[39m
    [31m+     ],[39m
    [31m+     "tags": Array [[39m
    [31m+       "cat.color",[39m
    [31m+       "wcag2aa",[39m
    [31m+       "wcag143",[39m
    [31m+       "TTv5",[39m
    [31m+       "TT13.c",[39m
    [31m+       "EN-301-549",[39m
    [31m+       "EN-9.1.4.3",[39m
    [31m+       "ACT",[39m
    [31m+       "RGAAv4",[39m
    [31m+       "RGAA-3.2.1",[39m
    [31m+     ],[39m
    [31m+   },[39m
    [31m+   Object {[39m
    [31m+     "description": "Ensure every form element has a label",[39m
    [31m+     "help": "Form elements must have labels",[39m
    [31m+     "helpUrl": "https://dequeuniversity.com/rules/axe/4.11/label?application=playwright",[39m
    [31m+     "id": "label",[39m
    [31m+     "impact": "critical",[39m
    [31m+     "nodes": Array [[39m
    [31m+       Object {[39m
    [31m+         "all": Array [],[39m
    [31m+         "any": Array [[39m
    [31m+           Object {[39m
    [31m+             "data": null,[39m
    [31m+             "id": "implicit-label",[39m
    [31m+             "impact": "critical",[39m
    [31m+             "message": "Element does not have an implicit (wrapped) <label>",[39m
    [31m+             "relatedNodes": Array [],[39m
    [31m+           },[39m
    [31m+           Object {[39m
    [31m+             "data": null,[39m
    [31m+             "id": "explicit-label",[39m
    [31m+             "impact": "critical",[39m
    [31m+             "message": "Element does not have an explicit <label>",[39m
    [31m+             "relatedNodes": Array [],[39m
    [31m+           },[39m
    [31m+           Object {[39m
    [31m+             "data": null,[39m
    [31m+             "id": "aria-label",[39m
    [31m+             "impact": "critical",[39m
    [31m+             "message": "aria-label attribute does not exist or is empty",[39m
    [31m+             "relatedNodes": Array [],[39m
    [31m+           },[39m
    [31m+           Object {[39m
    [31m+             "data": null,[39m
    [31m+             "id": "aria-labelledby",[39m
    [31m+             "impact": "critical",[39m
    [31m+             "message": "aria-labelledby attribute does not exist, references elements that do not exist or references elements that are empty",[39m
    [31m+             "relatedNodes": Array [],[39m
    [31m+           },[39m
    [31m+           Object {[39m
    [31m+             "data": Object {[39m
    [31m+               "messageKey": "noAttr",[39m
    [31m+             },[39m
    [31m+             "id": "non-empty-title",[39m
    [31m+             "impact": "critical",[39m
    [31m+             "message": "Element has no title attribute",[39m
    [31m+             "relatedNodes": Array [],[39m
    [31m+           },[39m
    [31m+           Object {[39m
    [31m+             "data": Object {[39m
    [31m+               "messageKey": "noAttr",[39m
    [31m+             },[39m
    [31m+             "id": "non-empty-placeholder",[39m
    [31m+             "impact": "critical",[39m
    [31m+             "message": "Element has no placeholder attribute",[39m
    [31m+             "relatedNodes": Array [],[39m
    [31m+           },[39m
    [31m+           Object {[39m
    [31m+             "data": null,[39m
    [31m+             "id": "presentational-role",[39m
    [31m+             "impact": "critical",[39m
    [31m+             "message": "Element's default semantics were not overridden with role=\"none\" or role=\"presentation\"",[39m
    [31m+             "relatedNodes": Array [],[39m
    [31m+           },[39m
    [31m+         ],[39m
    [31m+         "failureSummary": "Fix any of the following:[39m
    [31m+   Element does not have an implicit (wrapped) <label>[39m
    [31m+   Element does not have an explicit <label>[39m
    [31m+   aria-label attribute does not exist or is empty[39m
    [31m+   aria-labelledby attribute does not exist, references elements that do not exist or references elements that are empty[39m
    [31m+   Element has no title attribute[39m
    [31m+   Element has no placeholder attribute[39m
    [31m+   Element's default semantics were not overridden with role=\"none\" or role=\"presentation\"",[39m
    [31m+         "html": "<input aria-orientation=\"horizontal\" id=\"base-ui-_r_3_\" max=\"60000\" min=\"5000\" step=\"1000\" type=\"range\" value=\"5000\" aria-valuenow=\"5000\" aria-valuetext=\"5,000 start range\" style=\"clip-path: inset(50%...\">",[39m
    [31m+         "impact": "critical",[39m
    [31m+         "none": Array [],[39m
    [31m+         "target": Array [[39m
    [31m+           "#base-ui-_r_3_",[39m
    [31m+         ],[39m
    [31m+       },[39m
    [31m+       Object {[39m
    [31m+         "all": Array [],[39m
    [31m+         "any": Array [[39m
    [31m+           Object {[39m
    [31m+             "data": null,[39m
    [31m+             "id": "implicit-label",[39m
    [31m+             "impact": "critical",[39m
    [31m+             "message": "Element does not have an implicit (wrapped) <label>",[39m
    [31m+             "relatedNodes": Array [],[39m
    [31m+           },[39m
    [31m+           Object {[39m
    [31m+             "data": null,[39m
    [31m+             "id": "explicit-label",[39m
    [31m+             "impact": "critical",[39m
    [31m+             "message": "Element does not have an explicit <label>",[39m
    [31m+             "relatedNodes": Array [],[39m
    [31m+           },[39m
    [31m+           Object {[39m
    [31m+             "data": null,[39m
    [31m+             "id": "aria-label",[39m
    [31m+             "impact": "critical",[39m
    [31m+             "message": "aria-label attribute does not exist or is empty",[39m
    [31m+             "relatedNodes": Array [],[39m
    [31m+           },[39m
    [31m+           Object {[39m
    [31m+             "data": null,[39m
    [31m+             "id": "aria-labelledby",[39m
    [31m+             "impact": "critical",[39m
    [31m+             "message": "aria-labelledby attribute does not exist, references elements that do not exist or references elements that are empty",[39m
    [31m+             "relatedNodes": Array [],[39m
    [31m+           },[39m
    [31m+           Object {[39m
    [31m+             "data": Object {[39m
    [31m+               "messageKey": "noAttr",[39m
    [31m+             },[39m
    [31m+             "id": "non-empty-title",[39m
    [31m+             "impact": "critical",[39m
    [31m+             "message": "Element has no title attribute",[39m
    [31m+             "relatedNodes": Array [],[39m
    [31m+           },[39m
    [31m+           Object {[39m
    [31m+             "data": Object {[39m
    [31m+               "messageKey": "noAttr",[39m
    [31m+             },[39m
    [31m+             "id": "non-empty-placeholder",[39m
    [31m+             "impact": "critical",[39m
    [31m+             "message": "Element has no placeholder attribute",[39m
    [31m+             "relatedNodes": Array [],[39m
    [31m+           },[39m
    [31m+           Object {[39m
    [31m+             "data": null,[39m
    [31m+             "id": "presentational-role",[39m
    [31m+             "impact": "critical",[39m
    [31m+             "message": "Element's default semantics were not overridden with role=\"none\" or role=\"presentation\"",[39m
    [31m+             "relatedNodes": Array [],[39m
    [31m+           },[39m
    [31m+         ],[39m
    [31m+         "failureSummary": "Fix any of the following:[39m
    [31m+   Element does not have an implicit (wrapped) <label>[39m
    [31m+   Element does not have an explicit <label>[39m
    [31m+   aria-label attribute does not exist or is empty[39m
    [31m+   aria-labelledby attribute does not exist, references elements that do not exist or references elements that are empty[39m
    [31m+   Element has no title attribute[39m
    [31m+   Element has no placeholder attribute[39m
    [31m+   Element's default semantics were not overridden with role=\"none\" or role=\"presentation\"",[39m
    [31m+         "html": "<input aria-orientation=\"horizontal\" id=\"base-ui-_r_6_\" max=\"60000\" min=\"5000\" step=\"1000\" type=\"range\" value=\"60000\" aria-valuenow=\"60000\" aria-valuetext=\"60,000 end range\" style=\"clip-path: inset(50%...\">",[39m
    [31m+         "impact": "critical",[39m
    [31m+         "none": Array [],[39m
    [31m+         "target": Array [[39m
    [31m+           "#base-ui-_r_6_",[39m
    [31m+         ],[39m
    [31m+       },[39m
    [31m+     ],[39m
    [31m+     "tags": Array [[39m
    [31m+       "cat.forms",[39m
    [31m+       "wcag2a",[39m
    [31m+       "wcag412",[39m
    [31m+       "section508",[39m
    [31m+       "section508.22.n",[39m
    [31m+       "TTv5",[39m
    [31m+       "TT5.c",[39m
    [31m+       "EN-301-549",[39m
    [31m+       "EN-9.4.1.2",[39m
    [31m+       "ACT",[39m
    [31m+       "RGAAv4",[39m
    [31m+       "RGAA-11.1.1",[39m
    [31m+     ],[39m
    [31m+   },[39m
    [31m+ ][39m

      49 |         console.error(`\n[a11y] ${p.name} @ ${vp.label} — ${serious.length} serious/critical:\n${summary}`);
      50 |       }
    > 51 |       expect(serious, `serious/critical a11y violations on ${p.name} @ ${vp.label}`).toEqual([]);
         |                                                                                      ^
      52 |     });
      53 |   }
      54 | }
        at /Users/hunor.nagy/Code/schoolgo-app/tests/e2e/parent/a11y.spec.ts:51:86

    attachment #1: screenshot (image/png) ──────────────────────────────────────────────────────────
    test-results/parent-a11y-a11y-search-spec-desktop-chromium/test-failed-1.png
    ────────────────────────────────────────────────────────────────────────────────────────────────

    Error Context: test-results/parent-a11y-a11y-search-spec-desktop-chromium/error-context.md

  2) [chromium] › tests/e2e/parent/a11y.spec.ts:30:9 › a11y payments @ mobile ──────────────────────

    Error: serious/critical a11y violations on payments @ mobile

    [2mexpect([22m[31mreceived[39m[2m).[22mtoEqual[2m([22m[32mexpected[39m[2m) // deep equality[22m

    [32m- Expected  -  1[39m
    [31m+ Received  + 52[39m

    [32m- Array [][39m
    [31m+ Array [[39m
    [31m+   Object {[39m
    [31m+     "description": "Ensure elements that have scrollable content are accessible by keyboard in Safari",[39m
    [31m+     "help": "Scrollable region must have keyboard access",[39m
    [31m+     "helpUrl": "https://dequeuniversity.com/rules/axe/4.11/scrollable-region-focusable?application=playwright",[39m
    [31m+     "id": "scrollable-region-focusable",[39m
    [31m+     "impact": "serious",[39m
    [31m+     "nodes": Array [[39m
    [31m+       Object {[39m
    [31m+         "all": Array [],[39m
    [31m+         "any": Array [[39m
    [31m+           Object {[39m
    [31m+             "data": null,[39m
    [31m+             "id": "focusable-content",[39m
    [31m+             "impact": "serious",[39m
    [31m+             "message": "Element should have focusable content",[39m
    [31m+             "relatedNodes": Array [],[39m
    [31m+           },[39m
    [31m+           Object {[39m
    [31m+             "data": null,[39m
    [31m+             "id": "focusable-element",[39m
    [31m+             "impact": "serious",[39m
    [31m+             "message": "Element should be focusable",[39m
    [31m+             "relatedNodes": Array [],[39m
    [31m+           },[39m
    [31m+         ],[39m
    [31m+         "failureSummary": "Fix any of the following:[39m
    [31m+   Element should have focusable content[39m
    [31m+   Element should be focusable",[39m
    [31m+         "html": "<main class=\"relative flex-1 overflow-y-auto bg-muted\">",[39m
    [31m+         "impact": "serious",[39m
    [31m+         "none": Array [],[39m
    [31m+         "target": Array [[39m
    [31m+           "main",[39m
    [31m+         ],[39m
    [31m+       },[39m
    [31m+     ],[39m
    [31m+     "tags": Array [[39m
    [31m+       "cat.keyboard",[39m
    [31m+       "wcag2a",[39m
    [31m+       "wcag211",[39m
    [31m+       "wcag213",[39m
    [31m+       "TTv5",[39m
    [31m+       "TT4.a",[39m
    [31m+       "EN-301-549",[39m
    [31m+       "EN-9.2.1.1",[39m
    [31m+       "EN-9.2.1.3",[39m
    [31m+       "RGAAv4",[39m
    [31m+       "RGAA-7.3.2",[39m
    [31m+     ],[39m
    [31m+   },[39m
    [31m+ ][39m

      49 |         console.error(`\n[a11y] ${p.name} @ ${vp.label} — ${serious.length} serious/critical:\n${summary}`);
      50 |       }
    > 51 |       expect(serious, `serious/critical a11y violations on ${p.name} @ ${vp.label}`).toEqual([]);
         |                                                                                      ^
      52 |     });
      53 |   }
      54 | }
        at /Users/hunor.nagy/Code/schoolgo-app/tests/e2e/parent/a11y.spec.ts:51:86

    attachment #1: screenshot (image/png) ──────────────────────────────────────────────────────────
    test-results/parent-a11y-a11y-payments-mobile-chromium/test-failed-1.png
    ────────────────────────────────────────────────────────────────────────────────────────────────

    Error Context: test-results/parent-a11y-a11y-payments-mobile-chromium/error-context.md

  2 failed
    [chromium] › tests/e2e/parent/a11y.spec.ts:30:9 › a11y search-spec @ desktop ───────────────────
    [chromium] › tests/e2e/parent/a11y.spec.ts:30:9 › a11y payments @ mobile ───────────────────────
  21 passed (1.1m)
