
Running 53 tests using 1 worker

  ✓   1 [setup] › tests/e2e/parent/auth.setup.ts:7:6 › authenticate parent (2.6s)
  ✓   2 [chromium] › tests/e2e/parent/00-login.spec.ts:7:5 › sign-in page renders the parent login form (1.2s)
  ✓   3 [chromium] › tests/e2e/parent/00-login.spec.ts:15:5 › parent can log in and land on the dashboard (2.4s)
  ✓   4 [chromium] › tests/e2e/parent/01-dashboard.spec.ts:4:5 › parent dashboard renders with seeded summary data (1.7s)
  ✓   5 [chromium] › tests/e2e/parent/02-nav.spec.ts:12:5 › parent sidebar links to all portal sections (1.5s)
  ✓   6 [chromium] › tests/e2e/parent/02-nav.spec.ts:23:5 › clicking sidebar entries navigates to each section (5.4s)
  ✓   7 [chromium] › tests/e2e/parent/03-students.spec.ts:4:5 › students list shows the parent’s seeded students (1.2s)
  ✓   8 [chromium] › tests/e2e/parent/03-students.spec.ts:16:5 › student profile opens from the list (1.4s)
  ✓   9 [chromium] › tests/e2e/parent/04-wizard.spec.ts:28:5 › wizard creates a student with photo + voice (2.2s)
  ✓  10 [chromium] › tests/e2e/parent/04-wizard.spec.ts:58:5 › media upload shows a localized invalid-type toast (877ms)
  ✓  11 [chromium] › tests/e2e/parent/04-wizard.spec.ts:68:5 › the newly created student appears in the list (1.1s)
  ✓  12 [chromium] › tests/e2e/parent/05-applications.spec.ts:4:5 › applications list renders statuses and an offer (1.0s)
  ✓  13 [chromium] › tests/e2e/parent/05-applications.spec.ts:14:5 › application detail shows a numeric days-in-status (not "undefined") (1.6s)
  ✓  14 [chromium] › tests/e2e/parent/06-results.spec.ts:4:5 › results page renders english test results for a student (1.4s)
  ✓  15 [chromium] › tests/e2e/parent/07-settings.spec.ts:4:5 › profile update persists across reload (3.7s)
  ✓  16 [chromium] › tests/e2e/parent/07-settings.spec.ts:22:5 › notification preferences can be toggled and saved (3.6s)
  ✓  17 [chromium] › tests/e2e/parent/07-settings.spec.ts:44:5 › change password succeeds and reverts (JWT rotation keeps session) (2.1s)
  ✓  18 [chromium] › tests/e2e/parent/08-payments.spec.ts:4:5 › payments page is a static coming-soon view (1.1s)
  ✓  19 [chromium] › tests/e2e/parent/09-i18n.spec.ts:4:5 › parent dashboard renders under a non-English locale (1.6s)
  ✓  20 [chromium] › tests/e2e/parent/10-logout.spec.ts:4:5 › parent can log out and the gate blocks the protected area (2.8s)
  ✓  21 [chromium] › tests/e2e/parent/application-detail.spec.ts:57:5 › application-detail page renders header with school name and status badge (1.5s)
  ✓  22 [chromium] › tests/e2e/parent/application-detail.spec.ts:79:5 › application-detail page renders the info / offer section (1.5s)
  ✓  23 [chromium] › tests/e2e/parent/application-detail.spec.ts:98:5 › FIXED: timeline section shows 3 seeded events (2.0s)
  ✓  24 [chromium] › tests/e2e/parent/application-detail.spec.ts:125:5 › FIXED: documents section shows 2 seeded document requests (1.9s)
  ✓  25 [chromium] › tests/e2e/parent/application-detail.spec.ts:158:5 › FIXED: pre-enrolment checklist shows 3 seeded items (1.3s)
  ✓  26 [chromium] › tests/e2e/parent/application-detail.spec.ts:184:5 › full page: identify any 403 and confirm all three fixed sections load — screenshot for evidence (1.2s)
  ✓  27 [chromium] › tests/e2e/parent/document-upload.spec.ts:54:5 › document upload: POST /api/upload + POST /api/student-documents/mine both return 2xx and uploaded doc appears in Your uploads (1.6s)
  ✓  28 [chromium] › tests/e2e/parent/document-upload.spec.ts:188:5 › document upload: submit button is disabled until both document type and file are selected (1.3s)
[notifications] Bell unread count at start of suite: 0
  ✓  29 [chromium] › tests/e2e/parent/notifications.spec.ts:61:7 › parent notifications › bell renders in header; badge present iff unread > 0 (2.1s)
  ✓  30 [chromium] › tests/e2e/parent/notifications.spec.ts:99:7 › parent notifications › notifications list shows 5 total items and unread count matches bell (2.0s)
[notifications] No unread notifications remain; skipping click test.
  ✓  31 [chromium] › tests/e2e/parent/notifications.spec.ts:130:7 › parent notifications › clicking an unread notification marks it read and decrements count by 1 (1.8s)
  ✓  32 [chromium] › tests/e2e/parent/notifications.spec.ts:200:7 › parent notifications › mark all as read fires PUT read-all and badge disappears (2.4s)
  ✓  33 [chromium] › tests/e2e/parent/pages-render.spec.ts:19:5 › dashboard: summary cards render with data and quick-action links are present (1.1s)
  ✓  34 [chromium] › tests/e2e/parent/pages-render.spec.ts:76:5 › applications: list renders ≥1 application row and status filter does not crash (1.9s)
  ✓  35 [chromium] › tests/e2e/parent/pages-render.spec.ts:127:5 › results: student selector renders; selecting a student shows results or empty state (1.8s)
  ✓  36 [chromium] › tests/e2e/parent/pages-render.spec.ts:176:5 › payments: coming-soon content renders without crash or console error (1.6s)
  ✘  37 [chromium] › tests/e2e/parent/saved-schools-searches.spec.ts:77:7 › saved schools (B14/D11) › bookmark a school, verify it lists, then delete it (21.6s)
  ✘  38 [chromium] › tests/e2e/parent/saved-schools-searches.spec.ts:176:7 › saved searches (B13/D12) › save a search, verify it lists, run it, then delete it (21.1s)
  ✓  39 [chromium] › tests/e2e/parent/settings.spec.ts:49:5 › PROFILE tab: edits persist after reload and account is restored (2.5s)
  ✓  40 [chromium] › tests/e2e/parent/settings.spec.ts:112:5 › PREFERENCES tab: notification toggles persist after reload and are restored (2.6s)
  ✓  41 [chromium] › tests/e2e/parent/settings.spec.ts:205:5 › PASSWORD tab: mismatched confirmation shows validation error (566ms)
  ✓  42 [chromium] › tests/e2e/parent/settings.spec.ts:232:5 › PASSWORD tab: too-short new password shows validation error (731ms)
  ✓  43 [chromium] › tests/e2e/parent/settings.spec.ts:255:5 › PASSWORD tab: empty current password shows required validation error (585ms)
  ✘  44 [chromium] › tests/e2e/parent/smoke.spec.ts:23:5 › parent dashboard renders without console errors (1.0s)
[CREATE] Captured documentId: dq7rrtc8wlu82w5du8zbw83p
  ✘  45 [chromium] › tests/e2e/parent/student-create-edit.spec.ts:99:5 › CREATE wizard: submits new student and lands on detail page (2.5s)
[EDIT] createdDocumentId at start: ""
  -  46 [chromium] › tests/e2e/parent/student-create-edit.spec.ts:166:5 › EDIT wizard: updates last name and persists after reload
  ✓  47 [chromium] › tests/e2e/parent/students-list-detail.spec.ts:34:5 › students list: renders 6 student rows without crash (1.5s)
  ✓  48 [chromium] › tests/e2e/parent/students-list-detail.spec.ts:56:5 › students list: search box filters rows to matching students (1.2s)
  ✓  49 [chromium] › tests/e2e/parent/students-list-detail.spec.ts:111:5 › students list: sort by Name column changes order without crash (1.2s)
  ✓  50 [chromium] › tests/e2e/parent/students-list-detail.spec.ts:147:5 › students list: archive toggle switch is present and NOT toggled by default (1.1s)
  ✓  51 [chromium] › tests/e2e/parent/students-list-detail.spec.ts:174:5 › student detail: navigating from list opens detail page with personal, education, and guardian sections (1.3s)
  ✓  52 [chromium] › tests/e2e/parent/students-list-detail.spec.ts:232:5 › student detail: avatar-or-initials renders in profile header (1.3s)
  ✓  53 [chromium] › tests/e2e/parent/students-list-detail.spec.ts:261:5 › student detail: voice intro audio element renders for a student with a voice intro (1.2s)


  1) [chromium] › tests/e2e/parent/saved-schools-searches.spec.ts:77:7 › saved schools (B14/D11) › bookmark a school, verify it lists, then delete it 

    Error: [2mexpect([22m[31mlocator[39m[2m).[22mtoBeVisible[2m([22m[2m)[22m failed

    Locator: getByRole('button', { name: /save search/i })
    Expected: visible
    Timeout: 20000ms
    Error: element(s) not found

    Call log:
    [2m  - Expect "toBeVisible" with timeout 20000ms[22m
    [2m  - waiting for getByRole('button', { name: /save search/i })[22m


      67 |   await expect(
      68 |     page.getByRole('button', { name: /save search/i }),
    > 69 |   ).toBeVisible({ timeout: 20_000 });
         |     ^
      70 | }
      71 |
      72 | // ---------------------------------------------------------------------------
        at waitForSearchReady (/Users/hunor.nagy/Code/schoolgo-app/tests/e2e/parent/saved-schools-searches.spec.ts:69:5)
        at /Users/hunor.nagy/Code/schoolgo-app/tests/e2e/parent/saved-schools-searches.spec.ts:88:5

    attachment #1: screenshot (image/png) ──────────────────────────────────────────────────────────
    test-results/parent-saved-schools-searc-61aad-ify-it-lists-then-delete-it-chromium/test-failed-1.png
    ────────────────────────────────────────────────────────────────────────────────────────────────

    Error Context: test-results/parent-saved-schools-searc-61aad-ify-it-lists-then-delete-it-chromium/error-context.md

  2) [chromium] › tests/e2e/parent/saved-schools-searches.spec.ts:176:7 › saved searches (B13/D12) › save a search, verify it lists, run it, then delete it 

    Error: [2mexpect([22m[31mlocator[39m[2m).[22mtoBeVisible[2m([22m[2m)[22m failed

    Locator: getByRole('button', { name: /save search/i })
    Expected: visible
    Timeout: 20000ms
    Error: element(s) not found

    Call log:
    [2m  - Expect "toBeVisible" with timeout 20000ms[22m
    [2m  - waiting for getByRole('button', { name: /save search/i })[22m


      67 |   await expect(
      68 |     page.getByRole('button', { name: /save search/i }),
    > 69 |   ).toBeVisible({ timeout: 20_000 });
         |     ^
      70 | }
      71 |
      72 | // ---------------------------------------------------------------------------
        at waitForSearchReady (/Users/hunor.nagy/Code/schoolgo-app/tests/e2e/parent/saved-schools-searches.spec.ts:69:5)
        at /Users/hunor.nagy/Code/schoolgo-app/tests/e2e/parent/saved-schools-searches.spec.ts:186:5

    attachment #1: screenshot (image/png) ──────────────────────────────────────────────────────────
    test-results/parent-saved-schools-searc-10a0f-lists-run-it-then-delete-it-chromium/test-failed-1.png
    ────────────────────────────────────────────────────────────────────────────────────────────────

    Error Context: test-results/parent-saved-schools-searc-10a0f-lists-run-it-then-delete-it-chromium/error-context.md

  3) [chromium] › tests/e2e/parent/smoke.spec.ts:23:5 › parent dashboard renders without console errors 

    Error: Unexpected browser errors on http://localhost:3000/en/parent/dashboard:
      [console.error] Failed to load resource: the server responded with a status of 400 (Bad Request)
      [console.error] Failed to load resource: the server responded with a status of 400 (Bad Request)
      [console.error] Failed to load resource: the server responded with a status of 400 (Bad Request)
      [console.error] Failed to load resource: the server responded with a status of 400 (Bad Request)

       at parent/_helpers.ts:63

      61 |   const errors = (page as Page & { _consoleErrors?: string[] })._consoleErrors ?? [];
      62 |   if (errors.length > 0) {
    > 63 |     throw new Error(
         |           ^
      64 |       `Unexpected browser errors on ${page.url()}:\n  ${errors.join('\n  ')}`,
      65 |     );
      66 |   }
        at assertNoConsoleErrors (/Users/hunor.nagy/Code/schoolgo-app/tests/e2e/parent/_helpers.ts:63:11)
        at /Users/hunor.nagy/Code/schoolgo-app/tests/e2e/parent/smoke.spec.ts:48:24

    attachment #1: screenshot (image/png) ──────────────────────────────────────────────────────────
    test-results/parent-smoke-parent-dashboard-renders-without-console-errors-chromium/test-failed-1.png
    ────────────────────────────────────────────────────────────────────────────────────────────────

    Error Context: test-results/parent-smoke-parent-dashboard-renders-without-console-errors-chromium/error-context.md

  4) [chromium] › tests/e2e/parent/student-create-edit.spec.ts:99:5 › CREATE wizard: submits new student and lands on detail page 

    Error: Unexpected browser errors on http://localhost:3000/parent/students/dq7rrtc8wlu82w5du8zbw83p:
      [console.error] Base UI: A component is changing the uncontrolled value state of Select to be controlled.
    Elements should not switch from uncontrolled to controlled (or vice versa).
    Decide between using a controlled or uncontrolled Select element for the lifetime of the component.
    The nature of the state is determined during the first render. It's considered controlled if the value is not `undefined`.
    More info: https://fb.me/react-controlled-components
      [console.error] Failed to load resource: the server responded with a status of 404 (Not Found)

       at parent/_helpers.ts:63

      61 |   const errors = (page as Page & { _consoleErrors?: string[] })._consoleErrors ?? [];
      62 |   if (errors.length > 0) {
    > 63 |     throw new Error(
         |           ^
      64 |       `Unexpected browser errors on ${page.url()}:\n  ${errors.join('\n  ')}`,
      65 |     );
      66 |   }
        at assertNoConsoleErrors (/Users/hunor.nagy/Code/schoolgo-app/tests/e2e/parent/_helpers.ts:63:11)
        at /Users/hunor.nagy/Code/schoolgo-app/tests/e2e/parent/student-create-edit.spec.ts:159:24

    attachment #1: screenshot (image/png) ──────────────────────────────────────────────────────────
    test-results/parent-student-create-edit-09e24-nt-and-lands-on-detail-page-chromium/test-failed-1.png
    ────────────────────────────────────────────────────────────────────────────────────────────────

    Error Context: test-results/parent-student-create-edit-09e24-nt-and-lands-on-detail-page-chromium/error-context.md

  4 failed
    [chromium] › tests/e2e/parent/saved-schools-searches.spec.ts:77:7 › saved schools (B14/D11) › bookmark a school, verify it lists, then delete it 
    [chromium] › tests/e2e/parent/saved-schools-searches.spec.ts:176:7 › saved searches (B13/D12) › save a search, verify it lists, run it, then delete it 
    [chromium] › tests/e2e/parent/smoke.spec.ts:23:5 › parent dashboard renders without console errors 
    [chromium] › tests/e2e/parent/student-create-edit.spec.ts:99:5 › CREATE wizard: submits new student and lands on detail page 
  1 skipped
  48 passed (2.2m)
