
Running 10 tests using 1 worker

  ✓   1 [setup] › tests/e2e/parent/auth.setup.ts:7:6 › authenticate parent (2.3s)
  ✓   2 [chromium] › tests/e2e/parent/pages-render.spec.ts:19:5 › dashboard: summary cards render with data and quick-action links are present (1.0s)
  ✓   3 [chromium] › tests/e2e/parent/pages-render.spec.ts:76:5 › applications: list renders ≥1 application row and status filter does not crash (1.6s)
  ✓   4 [chromium] › tests/e2e/parent/pages-render.spec.ts:127:5 › results: student selector renders; selecting a student shows results or empty state (1.2s)
  ✓   5 [chromium] › tests/e2e/parent/pages-render.spec.ts:176:5 › payments: coming-soon content renders without crash or console error (1.2s)
[saved-schools] Bookmarking school: "A B Paterson College"
[saved-schools] POST /api/bookmarks → 200
[saved-schools] DELETE /api/bookmarks/:id → 204
  ✘   6 [chromium] › tests/e2e/parent/saved-schools-searches.spec.ts:77:7 › saved schools (B14/D11) › bookmark a school, verify it lists, then delete it (23.4s)
[saved-searches] POST /api/saved-searches → 200
[saved-searches] VIC filter pressed after run: "true"
[saved-searches] DELETE /api/saved-searches/:id → 204
  ✘   7 [chromium] › tests/e2e/parent/saved-schools-searches.spec.ts:176:7 › saved searches (B13/D12) › save a search, verify it lists, run it, then delete it (21.0s)
  ✓   8 [chromium] › tests/e2e/parent/smoke.spec.ts:23:5 › parent dashboard renders without console errors (1.1s)
[CREATE] Captured documentId: x3mqtj17r4p1x15cusem3s2p
  ✘   9 [chromium] › tests/e2e/parent/student-create-edit.spec.ts:99:5 › CREATE wizard: submits new student and lands on detail page (2.2s)
[EDIT] createdDocumentId at start: ""
  -  10 [chromium] › tests/e2e/parent/student-create-edit.spec.ts:166:5 › EDIT wizard: updates last name and persists after reload


  1) [chromium] › tests/e2e/parent/saved-schools-searches.spec.ts:77:7 › saved schools (B14/D11) › bookmark a school, verify it lists, then delete it 

    Error: [2mexpect([22m[31mreceived[39m[2m).[22mtoBeGreaterThan[2m([22m[32mexpected[39m[2m)[22m

    Expected: > [32m0[39m
    Received:   [31m0[39m

    Call Log:
    - Timeout 15000ms exceeded while waiting on the predicate

      160 |     await expect(async () => {
      161 |       expect(await page.getByText(/no saved schools yet/i).count()).toBeGreaterThan(0);
    > 162 |     }).toPass({ timeout: 15_000 });
          |        ^
      163 |
      164 |     console.info('[saved-schools] List is empty — cleanup complete.');
      165 |     assertNoConsoleErrors(page);
        at /Users/hunor.nagy/Code/schoolgo-app/tests/e2e/parent/saved-schools-searches.spec.ts:162:8

    attachment #1: screenshot (image/png) ──────────────────────────────────────────────────────────
    test-results/parent-saved-schools-searc-61aad-ify-it-lists-then-delete-it-chromium/test-failed-1.png
    ────────────────────────────────────────────────────────────────────────────────────────────────

    Error Context: test-results/parent-saved-schools-searc-61aad-ify-it-lists-then-delete-it-chromium/error-context.md

  2) [chromium] › tests/e2e/parent/saved-schools-searches.spec.ts:176:7 › saved searches (B13/D12) › save a search, verify it lists, run it, then delete it 

    Error: [2mexpect([22m[31mreceived[39m[2m).[22mtoBeGreaterThan[2m([22m[32mexpected[39m[2m)[22m

    Expected: > [32m0[39m
    Received:   [31m0[39m

    Call Log:
    - Timeout 15000ms exceeded while waiting on the predicate

      304 |     await expect(async () => {
      305 |       expect(await page.getByText(/no saved searches yet/i).count()).toBeGreaterThan(0);
    > 306 |     }).toPass({ timeout: 15_000 });
          |        ^
      307 |
      308 |     console.info('[saved-searches] List is empty — cleanup complete.');
      309 |     assertNoConsoleErrors(page);
        at /Users/hunor.nagy/Code/schoolgo-app/tests/e2e/parent/saved-schools-searches.spec.ts:306:8

    attachment #1: screenshot (image/png) ──────────────────────────────────────────────────────────
    test-results/parent-saved-schools-searc-10a0f-lists-run-it-then-delete-it-chromium/test-failed-1.png
    ────────────────────────────────────────────────────────────────────────────────────────────────

    Error Context: test-results/parent-saved-schools-searc-10a0f-lists-run-it-then-delete-it-chromium/error-context.md

  3) [chromium] › tests/e2e/parent/student-create-edit.spec.ts:99:5 › CREATE wizard: submits new student and lands on detail page 

    Error: Unexpected browser errors on http://localhost:3000/parent/students/x3mqtj17r4p1x15cusem3s2p:
      [console.error] Failed to load resource: the server responded with a status of 404 (Not Found)
      [console.error] Failed to load resource: the server responded with a status of 404 (Not Found)

       at parent/_helpers.ts:63

      61 |   const errors = (page as Page & { _consoleErrors?: string[] })._consoleErrors ?? [];
      62 |   if (errors.length > 0) {
    > 63 |     throw new Error(
         |           ^
      64 |       `Unexpected browser errors on ${page.url()}:\n  ${errors.join('\n  ')}`,
      65 |     );
      66 |   }
        at assertNoConsoleErrors (/Users/hunor.nagy/Code/schoolgo-app/tests/e2e/parent/_helpers.ts:63:11)
        at /Users/hunor.nagy/Code/schoolgo-app/tests/e2e/parent/student-create-edit.spec.ts:159:24

    attachment #1: screenshot (image/png) ──────────────────────────────────────────────────────────
    test-results/parent-student-create-edit-09e24-nt-and-lands-on-detail-page-chromium/test-failed-1.png
    ────────────────────────────────────────────────────────────────────────────────────────────────

    Error Context: test-results/parent-student-create-edit-09e24-nt-and-lands-on-detail-page-chromium/error-context.md

  3 failed
    [chromium] › tests/e2e/parent/saved-schools-searches.spec.ts:77:7 › saved schools (B14/D11) › bookmark a school, verify it lists, then delete it 
    [chromium] › tests/e2e/parent/saved-schools-searches.spec.ts:176:7 › saved searches (B13/D12) › save a search, verify it lists, run it, then delete it 
    [chromium] › tests/e2e/parent/student-create-edit.spec.ts:99:5 › CREATE wizard: submits new student and lands on detail page 
  1 skipped
  6 passed (57.2s)
