
Running 11 tests using 1 worker

  ✓   1 [setup] › tests/e2e/parent/auth.setup.ts:7:6 › authenticate parent (1.7s)
  ✓   2 [chromium] › tests/e2e/parent/01-dashboard.spec.ts:4:5 › parent dashboard renders with seeded summary data (1.0s)
  ✓   3 [chromium] › tests/e2e/parent/03-students.spec.ts:4:5 › students list shows the parent’s seeded students (1.1s)
  ✓   4 [chromium] › tests/e2e/parent/03-students.spec.ts:16:5 › student profile opens from the list (1.2s)
  ✘   5 [chromium] › tests/e2e/parent/students-list-detail.spec.ts:34:5 › students list: renders 6 student rows without crash (958ms)
  ✘   6 [chromium] › tests/e2e/parent/students-list-detail.spec.ts:56:5 › students list: search box filters rows to matching students (967ms)
  ✘   7 [chromium] › tests/e2e/parent/students-list-detail.spec.ts:111:5 › students list: sort by Name column changes order without crash (985ms)
  ✓   8 [chromium] › tests/e2e/parent/students-list-detail.spec.ts:147:5 › students list: archive toggle switch is present and NOT toggled by default (1.0s)
  ✓   9 [chromium] › tests/e2e/parent/students-list-detail.spec.ts:174:5 › student detail: navigating from list opens detail page with personal, education, and guardian sections (1.2s)
  ✓  10 [chromium] › tests/e2e/parent/students-list-detail.spec.ts:232:5 › student detail: avatar-or-initials renders in profile header (1.2s)
  ✓  11 [chromium] › tests/e2e/parent/students-list-detail.spec.ts:261:5 › student detail: voice intro audio element renders for a student with a voice intro (1.6s)


  1) [chromium] › tests/e2e/parent/students-list-detail.spec.ts:34:5 › students list: renders 6 student rows without crash 

    Error: [2mexpect([22m[31mreceived[39m[2m).[22mtoBeGreaterThanOrEqual[2m([22m[32mexpected[39m[2m)[22m

    Expected: >= [32m6[39m
    Received:    [31m2[39m

      49 |   const rows = page.locator('table tbody tr');
      50 |   const rowCount = await rows.count();
    > 51 |   expect(rowCount).toBeGreaterThanOrEqual(6);
         |                    ^
      52 |
      53 |   assertNoConsoleErrors(page);
      54 | });
        at /Users/hunor.nagy/Code/schoolgo-app/tests/e2e/parent/students-list-detail.spec.ts:51:20

    attachment #1: screenshot (image/png) ──────────────────────────────────────────────────────────
    test-results/parent-students-list-detai-3cdaa--student-rows-without-crash-chromium/test-failed-1.png
    ────────────────────────────────────────────────────────────────────────────────────────────────

    Error Context: test-results/parent-students-list-detai-3cdaa--student-rows-without-crash-chromium/error-context.md

  2) [chromium] › tests/e2e/parent/students-list-detail.spec.ts:56:5 › students list: search box filters rows to matching students 

    Error: [2mexpect([22m[31mreceived[39m[2m).[22mtoBeGreaterThanOrEqual[2m([22m[32mexpected[39m[2m)[22m

    Expected: >= [32m6[39m
    Received:    [31m2[39m

      63 |   await expect(page.locator('table tbody tr').first()).toBeVisible({ timeout: 15_000 });
      64 |   const totalRows = await page.locator('table tbody tr').count();
    > 65 |   expect(totalRows).toBeGreaterThanOrEqual(6);
         |                     ^
      66 |
      67 |   // The search input has a placeholder from the ParentStudents.searchPlaceholder key
      68 |   const searchInput = page.getByPlaceholder('Search by name...');
        at /Users/hunor.nagy/Code/schoolgo-app/tests/e2e/parent/students-list-detail.spec.ts:65:21

    attachment #1: screenshot (image/png) ──────────────────────────────────────────────────────────
    test-results/parent-students-list-detai-92c3f-s-rows-to-matching-students-chromium/test-failed-1.png
    ────────────────────────────────────────────────────────────────────────────────────────────────

    Error Context: test-results/parent-students-list-detai-92c3f-s-rows-to-matching-students-chromium/error-context.md

  3) [chromium] › tests/e2e/parent/students-list-detail.spec.ts:111:5 › students list: sort by Name column changes order without crash 

    Error: [2mexpect([22m[31mreceived[39m[2m).[22mtoBeGreaterThanOrEqual[2m([22m[32mexpected[39m[2m)[22m

    Expected: >= [32m6[39m
    Received:    [31m2[39m

      118 |   await expect(page.locator('table tbody tr').first()).toBeVisible({ timeout: 15_000 });
      119 |   const totalRows = await page.locator('table tbody tr').count();
    > 120 |   expect(totalRows).toBeGreaterThanOrEqual(6);
          |                     ^
      121 |
      122 |   // The "Name" column header is rendered via DataTableSortHeader — it is a button
      123 |   const nameHeader = page.getByRole('button', { name: /^Name$/i });
        at /Users/hunor.nagy/Code/schoolgo-app/tests/e2e/parent/students-list-detail.spec.ts:120:21

    attachment #1: screenshot (image/png) ──────────────────────────────────────────────────────────
    test-results/parent-students-list-detai-86d36-changes-order-without-crash-chromium/test-failed-1.png
    ────────────────────────────────────────────────────────────────────────────────────────────────

    Error Context: test-results/parent-students-list-detai-86d36-changes-order-without-crash-chromium/error-context.md

  3 failed
    [chromium] › tests/e2e/parent/students-list-detail.spec.ts:34:5 › students list: renders 6 student rows without crash 
    [chromium] › tests/e2e/parent/students-list-detail.spec.ts:56:5 › students list: search box filters rows to matching students 
    [chromium] › tests/e2e/parent/students-list-detail.spec.ts:111:5 › students list: sort by Name column changes order without crash 
  8 passed (15.2s)
